node.exe : FAIL src/features/products/ui/ProductSearchFilter.test.tsx
위치 줄:1 문자:1
+ & "C:\Program Files\nodejs/node.exe" "C:\Program Files\nodejs/node_mo ...
+ ~~~~~~~~~~~~~~~~~~~~~~~~~~~~~~~~~~~~~~~~~~~~~~~~~~~~~~~~~~~~~~~~~~~~~
    + CategoryInfo          : NotSpecified: (FAIL src/featur...Filter.test.tsx:String) [], RemoteException
    + FullyQualifiedErrorId : NativeCommandError
 
  ProductSearchFilter
    ??renders search input and dropdowns (42 ms)
    횞 calls onSearch when typing in the search input (107 ms)
    ??calls onCategoryChange when category is changed (76 ms)
    ??calls onStatusChange when status is changed (64 ms)

  ??ProductSearchFilter ??calls onSearch when typing in the search input

    expect(jest.fn()).toHaveBeenCalledWith(...expected)

    Expected: "?뚯뒪??
    Received
           1: "??
           2: "??
           3: "??

    Number of calls: 3

    [0m [90m 42 |[39m         [36mawait[39m userEvent[33m.[39mtype(input[33m,[39m [32m'?뚯뒪??[39m)[33m;[39m
     [90m 43 |[39m
    [31m[1m>[22m[39m[90m 44 |[39m         expect(handleSearch)[33m.[39mtoHaveBeenCalledWith([32m'?뚯뒪??[39m)[33m;[39m
     [90m    |[39m                              [31m[1m^[22m[39m
     [90m 45 |[39m     })[33m;[39m
     [90m 46 |[39m
     [90m 47 |[39m     it([32m'calls onCategoryChange when category is changed'[39m[33m,[39m [36masync[39m () [33m=>[39m {[0m

      at Object.toHaveBeenCalledWith (src/features/products/ui/ProductSearchFilter.test.tsx:44:30)

Test Suites: 1 failed, 1 total
Tests:       1 failed, 3 passed, 4 total
Snapshots:   0 total
Time:        0.824 s, estimated 1 s
Ran all test suites matching src/features/products/ui/ProductSearchFilter.test.tsx.
