node.exe : FAIL src/features/settings/domain/NotificationSettings.test.ts
위치 줄:1 문자:1
+ & "C:\Program Files\nodejs/node.exe" "C:\Program Files\nodejs/node_mo ...
+ ~~~~~~~~~~~~~~~~~~~~~~~~~~~~~~~~~~~~~~~~~~~~~~~~~~~~~~~~~~~~~~~~~~~~~
    + CategoryInfo          : NotSpecified: (FAIL src/featur...ettings.test.ts:String) [], RemoteException
    + FullyQualifiedErrorId : NativeCommandError
 
  ??Test suite failed to run

    Cannot find module '../NotificationSettings' from 'src/features/settings/domain/NotificationSettings.test.ts'

    [0m [90m 3 |[39m describe([32m'NotificationSettings Domain Entity'[39m[33m,[39m () [33m=>[39m {
     [90m 4 |[39m     it([32m'?좏슚???곗씠?곕줈 NotificationSettings 媛앹껜瑜??앹꽦?????덈떎'[39m[33m,[39m () [33m=>[39m {
    [31m[1m>[22m[39m[90m 5 |[39m         [36mconst[39m validData [33m=[39m {
     [90m   |[39m                               [31m[1m^[22m[39m
     [90m 6 |[39m             lowStockThreshold[33m:[39m [35m10[39m[33m,[39m
     [90m 7 |[39m             isEmailEnabled[33m:[39m [36mtrue[39m[33m,[39m
     [90m 8 |[39m             isSlackEnabled[33m:[39m [36mfalse[39m[33m,[39m[0m

      at Resolver._throwModNotFoundError (node_modules/jest-resolve/build/index.js:863:11)
      at Object.<anonymous> (src/features/settings/domain/NotificationSettings.test.ts:5:31)

FAIL src/features/settings/domain/StoreSettings.test.ts
  ??Test suite failed to run

    Cannot find module '../StoreSettings' from 'src/features/settings/domain/StoreSettings.test.ts'

    [0m [90m 3 |[39m describe([32m'StoreSettings Domain Entity'[39m[33m,[39m () [33m=>[39m {
     [90m 4 |[39m     it([32m'?좏슚???곗씠?곕줈 StoreSettings 媛앹껜瑜??앹꽦?????덈떎'[39m[33m,[39m () [33m=>[39m {
    [31m[1m>[22m[39m[90m 5 |[39m         [36mconst[39m validData [33m=[39m {
     [90m   |[39m                        [31m[1m^[22m[39m
     [90m 6 |[39m             storeName[33m:[39m [32m'??硫뗭쭊 ?쇳븨紐?[39m[33m,[39m
     [90m 7 |[39m             logoUrl[33m:[39m [32m'https://example.com/logo.png'[39m[33m,[39m
     [90m 8 |[39m             currency[33m:[39m [32m'KRW'[39m [36mas[39m [36mconst[39m[33m,[39m[0m

      at Resolver._throwModNotFoundError (node_modules/jest-resolve/build/index.js:863:11)
      at Object.<anonymous> (src/features/settings/domain/StoreSettings.test.ts:5:24)

Test Suites: 2 failed, 2 total
Tests:       0 total
Snapshots:   0 total
Time:        0.815 s
Ran all test suites matching src/features/settings.
